Microchip MPLAB XC8 Compiler V1.41 ()

Linker command line:

-W-3 --edf=C:\Program Files (x86)\Microchip\xc8\v1.41\dat\en_msgs.txt -cs \
  -h+dist/default/production\PruebaLab2.X.production.sym \
  --cmf=dist/default/production\PruebaLab2.X.production.cmf -z -Q18F4550 \
  -oC:\Users\casa\AppData\Local\Temp\s1kc.2 \
  -Mdist/default/production/PruebaLab2.X.production.map -E1 -ver=XC8 \
  -ASTACK=060h-07ffh -pstack=STACK -ACODE=00h-07FFFh -ACONST=00h-07FFFh \
  -ASMALLCONST=0800h-08FFhx120 -AMEDIUMCONST=0800h-07FFFh -ACOMRAM=01h-05Fh \
  -AABS1=00h-07FFh -ABIGRAM=01h-07FFh -ARAM=060h-0FFh,0100h-01FFhx7 \
  -ABANK0=060h-0FFh -ABANK1=0100h-01FFh -ABANK2=0200h-02FFh \
  -ABANK3=0300h-03FFh -ABANK4=0400h-04FFh -ABANK5=0500h-05FFh \
  -ABANK6=0600h-06FFh -ABANK7=0700h-07FFh -ASFR=0F60h-0FFFh \
  -preset_vec=00h,intcode=08h,intcodelo,powerup,init -pramtop=0800h \
  -psmallconst=SMALLCONST -pmediumconst=MEDIUMCONST -pconst=CONST \
  -AFARRAM=00h-00h -ACONFIG=0300000h-030000Dh -pconfig=CONFIG \
  -AIDLOC=0200000h-0200007h -pidloc=IDLOC -AEEDATA=0F00000h-0F000FFh \
  -peeprom_data=EEDATA \
  -prdata=COMRAM,nvrram=COMRAM,nvbit=COMRAM,rbss=COMRAM,rbit=COMRAM \
  -pfarbss=FARRAM,fardata=FARRAM,nvFARRAM=FARRAM \
  -pintsave_regs=BIGRAM,bigbss=BIGRAM,bigdata=BIGRAM -pbss=RAM \
  -pidata=CODE,irdata=CODE,ibigdata=CODE,ifardata=CODE -prparam=COMRAM \
  C:\Users\casa\AppData\Local\Temp\s1kc.obj \
  dist/default/production\PruebaLab2.X.production.obj 

Object code version is 3.11

Machine type is 18F4550

Call graph: (short form)




                Name                               Link     Load   Length Selector   Space Scale
C:\Users\casa\AppData\Local\Temp\s1kc.obj
                init                                  E        E        4        4       0
                reset_vec                             0        0        4        0       0
                idloc                            200000   200000        8   200000       0
                config                           300000   300000        E   300000       0
dist/default/production\PruebaLab2.X.production.obj
                intcode                               8        8        6        4       0
                temp                                 50       50        1        1       1
                intcode_body                        54E      54E      124        4       0
                text18                              92C      92C       AE        4       0
                text17                              766      766       F4        4       0
                text16                              672      672       F4        4       0
                text15                              85A      85A       D2        4       0
                text14                              C4C      C4C        E        4       0
                text13                              C3E      C3E        E        4       0
                text12                              9DA      9DA       90        4       0
                text11                              42A      42A      124        4       0
                text10                              C30      C30        E        4       0
                text9                               C5A      C5A        A        4       0
                text8                               306      306      124        4       0
                text7                               C22      C22        E        4       0
                text6                                12       12      1AC        4       0
                text5                               B2A      B2A       56        4       0
                text4                               BBA      BBA       3A        4       0
                text3                               AD4      AD4       56        4       0
                text2                               B80      B80       3A        4       0
                text1                               A6A      A6A       6A        4       0
                text0                               1BE      1BE      148        4       0
                cstackCOMRAM                         29       29       25        1       1
                dataCOMRAM                           4E       4E        2        1       1
                bssCOMRAM                             1        1       28        1       1
                cinit                               BF4      BF4       2E        4       0
                idataCOMRAM                         C64      C64        2        4       0

TOTAL           Name                               Link     Load   Length     Space
        CLASS   STACK          

        CLASS   CODE           
                intcode                               8        8        6         0
                init                                  E        E        4         0
                reset_vec                             0        0        4         0
                intcode_body                        54E      54E      124         0
                text18                              92C      92C       AE         0
                text17                              766      766       F4         0
                text16                              672      672       F4         0
                text15                              85A      85A       D2         0
                text14                              C4C      C4C        E         0
                text13                              C3E      C3E        E         0
                text12                              9DA      9DA       90         0
                text11                              42A      42A      124         0
                text10                              C30      C30        E         0
                text9                               C5A      C5A        A         0
                text8                               306      306      124         0
                text7                               C22      C22        E         0
                text6                                12       12      1AC         0
                text5                               B2A      B2A       56         0
                text4                               BBA      BBA       3A         0
                text3                               AD4      AD4       56         0
                text2                               B80      B80       3A         0
                text1                               A6A      A6A       6A         0
                text0                               1BE      1BE      148         0
                cinit                               BF4      BF4       2E         0
                idataCOMRAM                         C64      C64        2         0

        CLASS   CONST          

        CLASS   SMALLCONST     

        CLASS   MEDIUMCONST    

        CLASS   COMRAM         
                temp                                 50       50        1         1
                cstackCOMRAM                         29       29       25         1
                dataCOMRAM                           4E       4E        2         1
                bssCOMRAM                             1        1       28         1

        CLASS   ABS1           

        CLASS   BIGRAM         

        CLASS   RAM            

        CLASS   BANK0          

        CLASS   BANK1          

        CLASS   BANK2          

        CLASS   BANK3          

        CLASS   BANK4          

        CLASS   BANK5          

        CLASS   BANK6          

        CLASS   BANK7          

        CLASS   SFR            

        CLASS   FARRAM         

        CLASS   CONFIG         
                config                           300000   300000        E         0

        CLASS   IDLOC          
                idloc                            200000   200000        8         0

        CLASS   EEDATA         



SEGMENTS        Name                           Load    Length   Top    Selector   Space  Class

                reset_vec                      000000  000004  000004         0       0  CODE    
                bssCOMRAM                      000001  000050  000051         1       1  COMRAM  
                intcode                        000008  000C5E  000C66         4       0  CODE    
                idloc                          200000  000008  200008    200000       0  IDLOC   
                config                         300000  00000E  30000E    300000       0  CONFIG  


UNUSED ADDRESS RANGES

        Name                Unused          Largest block    Delta
        BANK0            000060-0000FF               A0
        BANK1            000100-0001FF              100
        BANK2            000200-0002FF              100
        BANK3            000300-0003FF              100
        BANK4            000400-0004FF              100
        BANK5            000500-0005FF              100
        BANK6            000600-0006FF              100
        BANK7            000700-0007FF              100
        BIGRAM           000051-0007FF              7AF
        CODE             000004-000007                4
                         000C66-007FFF             739A
        COMRAM           000051-00005F                F
        CONST            000004-000007                4
                         000C66-007FFF             739A
        EEDATA           F00000-F000FF              100
        MEDIUMCONST      000C66-007FFF             739A
        RAM              000060-0007FF              100
        SFR              000F60-000FFF               A0
        SMALLCONST       000C66-007FFF              100
        STACK            000060-0007FF              7A0

                                  Symbol Table

?___ftadd                cstackCOMRAM 00003F
?___ftmul                cstackCOMRAM 00003F
?___ftpack               cstackCOMRAM 000037
?___fttol                cstackCOMRAM 000037
_ADCON0                  (abs)        000FC2
_ADCON0bits              (abs)        000FC2
_ADCON1                  (abs)        000FC1
_ADCON2                  (abs)        000FC0
_ADRESH                  (abs)        000FC4
_ADRESL                  (abs)        000FC3
_CCP1CON                 (abs)        000FBD
_CCP2CON                 (abs)        000FBA
_CCPR1L                  (abs)        000FBE
_CCPR2L                  (abs)        000FBB
_GIE                     (abs)        007F97
_GO                      (abs)        007E11
_LATA                    (abs)        000F89
_LATB                    (abs)        000F8A
_LATB0                   (abs)        007C50
_LATB1                   (abs)        007C51
_LATB2                   (abs)        007C52
_LATB3                   (abs)        007C53
_LATC                    (abs)        000F8B
_LATE                    (abs)        000F8D
_OSCCON                  (abs)        000FD3
_PEIE                    (abs)        007F96
_PR2                     (abs)        000FCB
_PWM                     bssCOMRAM    000018
_RCIE                    (abs)        007CED
_RCIF                    (abs)        007CF5
_RCREG                   (abs)        000FAE
_RCSTA                   (abs)        000FAB
_SPBRG                   (abs)        000FAF
_T2CON                   (abs)        000FCA
_T2CONbits               (abs)        000FCA
_TMR2                    (abs)        000FCC
_TRISA                   (abs)        000F92
_TRISB                   (abs)        000F93
_TRISC                   (abs)        000F94
_TRISCbits               (abs)        000F94
_TRISE                   (abs)        000F96
_TXSTA                   (abs)        000FAC
_UART_Rx                 intcode      000008
__CFG_FOSC$INTOSC_HS     (abs)        000000
__CFG_LVP$OFF            (abs)        000000
__CFG_WDT$OFF            (abs)        000000
__HRAM                   (abs)        000000
__Habs1                  abs1         000000
__Hbank0                 bank0        000000
__Hbank1                 bank1        000000
__Hbank2                 bank2        000000
__Hbank3                 bank3        000000
__Hbank4                 bank4        000000
__Hbank5                 bank5        000000
__Hbank6                 bank6        000000
__Hbank7                 bank7        000000
__Hbigbss                bigbss       000000
__Hbigdata               bigdata      000000
__Hbigram                bigram       000000
__Hbss                   bss          000000
__HbssCOMRAM             bssCOMRAM    000000
__Hcinit                 cinit        000000
__Hclrtext               clrtext      000000
__Hcomram                comram       000000
__Hconfig                config       30000E
__Hconst                 const        000000
__HcstackCOMRAM          cstackCOMRAM 000000
__Hdata                  data         000000
__HdataCOMRAM            dataCOMRAM   000000
__Heeprom_data           eeprom_data  000000
__Hfarbss                farbss       000000
__Hfardata               fardata      000000
__Hibigdata              ibigdata     000000
__Hidata                 idata        000000
__HidataCOMRAM           idataCOMRAM  000000
__Hidloc                 idloc        200008
__Hifardata              ifardata     000000
__Hinit                  init         000012
__Hintcode               intcode      00000E
__Hintcode_body          intcode_body 000000
__Hintcodelo             intcodelo    00000E
__Hintentry              intentry     000000
__Hintret                intret       000000
__Hintsave_regs          intsave_regs 000000
__Hirdata                irdata       000000
__Hmediumconst           mediumconst  000000
__HnvFARRAM              nvFARRAM     000000
__Hnvbit                 nvbit        000000
__Hnvrram                nvrram       000000
__Hparam                 rparam       000000
__Hpowerup               powerup      00000E
__Hram                   ram          000000
__Hramtop                ramtop       000800
__Hrbit                  rbit         000000
__Hrbss                  rbss         000000
__Hrdata                 rdata        000000
__Hreset_vec             reset_vec    000004
__Hrparam                rparam       000000
__Hsfr                   sfr          000000
__Hsmallconst            smallconst   000000
__Hspace_0               (abs)        30000E
__Hspace_1               (abs)        000051
__Hspace_2               (abs)        000000
__Hstack                 stack        000000
__Hstruct                struct       000000
__Htemp                  temp         000051
__Htext                  text         000000
__Htext0                 text0        000000
__Htext1                 text1        000000
__Htext10                text10       000000
__Htext11                text11       000000
__Htext12                text12       000000
__Htext13                text13       000000
__Htext14                text14       000000
__Htext15                text15       000000
__Htext16                text16       000000
__Htext17                text17       000000
__Htext18                text18       000000
__Htext2                 text2        000000
__Htext3                 text3        000000
__Htext4                 text4        000000
__Htext5                 text5        000000
__Htext6                 text6        000000
__Htext7                 text7        000000
__Htext8                 text8        000000
__Htext9                 text9        000000
__LRAM                   (abs)        000001
__Labs1                  abs1         000000
__Lbank0                 bank0        000000
__Lbank1                 bank1        000000
__Lbank2                 bank2        000000
__Lbank3                 bank3        000000
__Lbank4                 bank4        000000
__Lbank5                 bank5        000000
__Lbank6                 bank6        000000
__Lbank7                 bank7        000000
__Lbigbss                bigbss       000000
__Lbigdata               bigdata      000000
__Lbigram                bigram       000000
__Lbss                   bss          000000
__LbssCOMRAM             bssCOMRAM    000000
__Lcinit                 cinit        000000
__Lclrtext               clrtext      000000
__Lcomram                comram       000000
__Lconfig                config       300000
__Lconst                 const        000000
__LcstackCOMRAM          cstackCOMRAM 000000
__Ldata                  data         000000
__LdataCOMRAM            dataCOMRAM   000000
__Leeprom_data           eeprom_data  000000
__Lfarbss                farbss       000000
__Lfardata               fardata      000000
__Libigdata              ibigdata     000000
__Lidata                 idata        000000
__LidataCOMRAM           idataCOMRAM  000000
__Lidloc                 idloc        200000
__Lifardata              ifardata     000000
__Linit                  init         00000E
__Lintcode               intcode      000008
__Lintcode_body          intcode_body 000000
__Lintcodelo             intcodelo    00000E
__Lintentry              intentry     000000
__Lintret                intret       000000
__Lintsave_regs          intsave_regs 000000
__Lirdata                irdata       000000
__Lmediumconst           mediumconst  000000
__LnvFARRAM              nvFARRAM     000000
__Lnvbit                 nvbit        000000
__Lnvrram                nvrram       000000
__Lparam                 rparam       000000
__Lpowerup               powerup      00000E
__Lram                   ram          000000
__Lramtop                ramtop       000800
__Lrbit                  rbit         000000
__Lrbss                  rbss         000000
__Lrdata                 rdata        000000
__Lreset_vec             reset_vec    000000
__Lrparam                rparam       000000
__Lsfr                   sfr          000000
__Lsmallconst            smallconst   000000
__Lspace_0               (abs)        000000
__Lspace_1               (abs)        000000
__Lspace_2               (abs)        000000
__Lstack                 stack        000000
__Lstruct                struct       000000
__Ltemp                  temp         000050
__Ltext                  text         000000
__Ltext0                 text0        000000
__Ltext1                 text1        000000
__Ltext10                text10       000000
__Ltext11                text11       000000
__Ltext12                text12       000000
__Ltext13                text13       000000
__Ltext14                text14       000000
__Ltext15                text15       000000
__Ltext16                text16       000000
__Ltext17                text17       000000
__Ltext18                text18       000000
__Ltext2                 text2        000000
__Ltext3                 text3        000000
__Ltext4                 text4        000000
__Ltext5                 text5        000000
__Ltext6                 text6        000000
__Ltext7                 text7        000000
__Ltext8                 text8        000000
__Ltext9                 text9        000000
__S0                     (abs)        30000E
__S1                     (abs)        000051
__S2                     (abs)        000000
___ftadd                 text6        000012
___ftadd@exp1            cstackCOMRAM 00004A
___ftadd@exp2            cstackCOMRAM 000049
___ftadd@f1              cstackCOMRAM 00003F
___ftadd@f2              cstackCOMRAM 000042
___ftadd@sign            cstackCOMRAM 000048
___ftge                  text12       0009DA
___ftge@ff1              cstackCOMRAM 000037
___ftge@ff2              cstackCOMRAM 00003A
___ftmul                 text17       000766
___ftmul@cntr            cstackCOMRAM 00004C
___ftmul@exp             cstackCOMRAM 000048
___ftmul@f1              cstackCOMRAM 00003F
___ftmul@f2              cstackCOMRAM 000042
___ftmul@f3_as_product   cstackCOMRAM 000049
___ftmul@sign            cstackCOMRAM 00004D
___ftpack                text18       00092C
___ftpack@arg            cstackCOMRAM 000037
___ftpack@exp            cstackCOMRAM 00003A
___ftpack@sign           cstackCOMRAM 00003B
___fttol                 text16       000672
___fttol@exp1            cstackCOMRAM 000045
___fttol@f1              cstackCOMRAM 000037
___fttol@lval            cstackCOMRAM 000041
___fttol@sign1           cstackCOMRAM 000040
___inthi_sp              stack        000000
___intlo_sp              stack        000000
___param_bank            (abs)        000000
___rparam_used           (abs)        000001
___sp                    stack        000000
__accesstop              (abs)        000060
__activetblptr           (abs)        000000
__end_of_UART_Rx         intcode_body 000672
__end_of___ftadd         text6        0001BE
__end_of___ftge          text12       000A6A
__end_of___ftmul         text17       00085A
__end_of___ftpack        text18       0009DA
__end_of___fttol         text16       000766
__end_of__initialization cinit        000C18
__end_of_adelante        text14       000C5A
__end_of_atras           text13       000C4C
__end_of_derecha         text10       000C3E
__end_of_freno           text9        000C64
__end_of_izquierda       text7        000C30
__end_of_main            text0        000306
__end_of_pwm             text15       00092C
__end_of_pwmA1           text5        000B80
__end_of_pwmA2           text4        000BF4
__end_of_pwmB1           text3        000B2A
__end_of_pwmB2           text2        000BBA
__end_of_pwmD            text11       00054E
__end_of_pwmI            text8        00042A
__end_of_settings        text1        000AD4
__initialization         cinit        000BF4
__mediumconst            mediumconst  000000
__pbssCOMRAM             bssCOMRAM    000001
__pcinit                 cinit        000BF4
__pcstackCOMRAM          cstackCOMRAM 000029
__pdataCOMRAM            dataCOMRAM   00004E
__pidataCOMRAM           idataCOMRAM  000C64
__pintcode               intcode      000008
__pintcode_body          intcode_body 00054E
__ptext0                 text0        0001BE
__ptext1                 text1        000A6A
__ptext10                text10       000C30
__ptext11                text11       00042A
__ptext12                text12       0009DA
__ptext13                text13       000C3E
__ptext14                text14       000C4C
__ptext15                text15       00085A
__ptext16                text16       000672
__ptext17                text17       000766
__ptext18                text18       00092C
__ptext2                 text2        000B80
__ptext3                 text3        000AD4
__ptext4                 text4        000BBA
__ptext5                 text5        000B2A
__ptext6                 text6        000012
__ptext7                 text7        000C22
__ptext8                 text8        000306
__ptext9                 text9        000C5A
__ramtop                 ramtop       000800
__size_of_UART_Rx        (abs)        000000
__size_of___ftadd        (abs)        000000
__size_of___ftge         (abs)        000000
__size_of___ftmul        (abs)        000000
__size_of___ftpack       (abs)        000000
__size_of___fttol        (abs)        000000
__size_of_adelante       (abs)        000000
__size_of_atras          (abs)        000000
__size_of_derecha        (abs)        000000
__size_of_freno          (abs)        000000
__size_of_izquierda      (abs)        000000
__size_of_main           (abs)        000000
__size_of_pwm            (abs)        000000
__size_of_pwmA1          (abs)        000000
__size_of_pwmA2          (abs)        000000
__size_of_pwmB1          (abs)        000000
__size_of_pwmB2          (abs)        000000
__size_of_pwmD           (abs)        000000
__size_of_pwmI           (abs)        000000
__size_of_settings       (abs)        000000
__smallconst             smallconst   000000
_a                       bssCOMRAM    000016
_adelante                text14       000C4C
_atras                   text13       000C3E
_c                       bssCOMRAM    000020
_ciclo_util1             bssCOMRAM    00000A
_ciclo_util2             bssCOMRAM    000007
_conversion1             bssCOMRAM    000013
_conversion2             bssCOMRAM    000010
_conversion3             bssCOMRAM    00000D
_d1                      bssCOMRAM    000004
_d2                      bssCOMRAM    000001
_derecha                 text10       000C30
_duty_cicle1             bssCOMRAM    000026
_duty_cicle2             bssCOMRAM    000023
_freno                   text9        000C5A
_i                       bssCOMRAM    00001E
_izquierda               text7        000C22
_main                    text0        0001BE
_modo                    bssCOMRAM    00001A
_pwm                     text15       00085A
_pwmA1                   text5        000B2A
_pwmA2                   text4        000BBA
_pwmB1                   text3        000AD4
_pwmB2                   text2        000B80
_pwmD                    text11       00042A
_pwmI                    text8        000306
_settings                text1        000A6A
_x                       bssCOMRAM    00001C
_y                       dataCOMRAM   00004E
btemp                    temp         000050
end_of_initialization    cinit        000C18
int$flags                temp         000050
int_func                 intcode_body 00054E
intlevel0                text         000000
intlevel1                text         000000
intlevel2                text         000000
intlevel3                text         000000
stackhi                  (abs)        0007FF
stacklo                  (abs)        000060
start                    init         00000E
start_initialization     cinit        000BF4


FUNCTION INFORMATION:

 *************** function _main *****************
 Defined at:
		line 56 in file "nexmain.c"
 Parameters:    Size  Location     Type
		None
 Auto vars:     Size  Location     Type
		None
 Return value:  Size  Location     Type
                  1    wreg      void 
 Registers used:
		wreg, status,2, status,0, cstack
 Tracked objects:
		On entry : 
		On exit  : 
		Unchanged: 
 Data sizes:     COMRAM   BANK0   BANK1   BANK2   BANK3   BANK4   BANK5   BANK6   BANK7
      Params:         0       0       0       0       0       0       0       0       0
      Locals:         0       0       0       0       0       0       0       0       0
      Temps:          0       0       0       0       0       0       0       0       0
      Totals:         0       0       0       0       0       0       0       0       0
Total ram usage:        0 bytes
 Hardware stack levels required when called:    5
 This function calls:
		_adelante
		_atras
		_derecha
		_freno
		_izquierda
		_pwmA1
		_pwmA2
		_pwmB1
		_pwmB2
		_settings
 This function is called by:
		Startup code after reset
 This function uses a non-reentrant model


 *************** function _settings *****************
 Defined at:
		line 132 in file "nexmain.c"
 Parameters:    Size  Location     Type
		None
 Auto vars:     Size  Location     Type
		None
 Return value:  Size  Location     Type
                  1    wreg      void 
 Registers used:
		wreg, status,2
 Tracked objects:
		On entry : 
		On exit  : 
		Unchanged: 
 Data sizes:     COMRAM   BANK0   BANK1   BANK2   BANK3   BANK4   BANK5   BANK6   BANK7
      Params:         0       0       0       0       0       0       0       0       0
      Locals:         0       0       0       0       0       0       0       0       0
      Temps:          0       0       0       0       0       0       0       0       0
      Totals:         0       0       0       0       0       0       0       0       0
Total ram usage:        0 bytes
 Hardware stack levels used:    1
 Hardware stack levels required when called:    1
 This function calls:
		Nothing
 This function is called by:
		_main
 This function uses a non-reentrant model


 *************** function _pwmB2 *****************
 Defined at:
		line 345 in file "nexmain.c"
 Parameters:    Size  Location     Type
		None
 Auto vars:     Size  Location     Type
		None
 Return value:  Size  Location     Type
                  1    wreg      void 
 Registers used:
		wreg, status,2, status,0, cstack
 Tracked objects:
		On entry : 
		On exit  : 
		Unchanged: 
 Data sizes:     COMRAM   BANK0   BANK1   BANK2   BANK3   BANK4   BANK5   BANK6   BANK7
      Params:         0       0       0       0       0       0       0       0       0
      Locals:         0       0       0       0       0       0       0       0       0
      Temps:          0       0       0       0       0       0       0       0       0
      Totals:         0       0       0       0       0       0       0       0       0
Total ram usage:        0 bytes
 Hardware stack levels used:    1
 Hardware stack levels required when called:    3
 This function calls:
		___ftadd
 This function is called by:
		_main
 This function uses a non-reentrant model


 *************** function _pwmB1 *****************
 Defined at:
		line 338 in file "nexmain.c"
 Parameters:    Size  Location     Type
		None
 Auto vars:     Size  Location     Type
		None
 Return value:  Size  Location     Type
                  1    wreg      void 
 Registers used:
		wreg, status,2, status,0, cstack
 Tracked objects:
		On entry : 
		On exit  : 
		Unchanged: 
 Data sizes:     COMRAM   BANK0   BANK1   BANK2   BANK3   BANK4   BANK5   BANK6   BANK7
      Params:         0       0       0       0       0       0       0       0       0
      Locals:         0       0       0       0       0       0       0       0       0
      Temps:          0       0       0       0       0       0       0       0       0
      Totals:         0       0       0       0       0       0       0       0       0
Total ram usage:        0 bytes
 Hardware stack levels used:    1
 Hardware stack levels required when called:    3
 This function calls:
		___ftadd
		___ftge
 This function is called by:
		_main
 This function uses a non-reentrant model


 *************** function _pwmA2 *****************
 Defined at:
		line 331 in file "nexmain.c"
 Parameters:    Size  Location     Type
		None
 Auto vars:     Size  Location     Type
		None
 Return value:  Size  Location     Type
                  1    wreg      void 
 Registers used:
		wreg, status,2, status,0, cstack
 Tracked objects:
		On entry : 
		On exit  : 
		Unchanged: 
 Data sizes:     COMRAM   BANK0   BANK1   BANK2   BANK3   BANK4   BANK5   BANK6   BANK7
      Params:         0       0       0       0       0       0       0       0       0
      Locals:         0       0       0       0       0       0       0       0       0
      Temps:          0       0       0       0       0       0       0       0       0
      Totals:         0       0       0       0       0       0       0       0       0
Total ram usage:        0 bytes
 Hardware stack levels used:    1
 Hardware stack levels required when called:    3
 This function calls:
		___ftadd
 This function is called by:
		_main
 This function uses a non-reentrant model


 *************** function _pwmA1 *****************
 Defined at:
		line 324 in file "nexmain.c"
 Parameters:    Size  Location     Type
		None
 Auto vars:     Size  Location     Type
		None
 Return value:  Size  Location     Type
                  1    wreg      void 
 Registers used:
		wreg, status,2, status,0, cstack
 Tracked objects:
		On entry : 
		On exit  : 
		Unchanged: 
 Data sizes:     COMRAM   BANK0   BANK1   BANK2   BANK3   BANK4   BANK5   BANK6   BANK7
      Params:         0       0       0       0       0       0       0       0       0
      Locals:         0       0       0       0       0       0       0       0       0
      Temps:          0       0       0       0       0       0       0       0       0
      Totals:         0       0       0       0       0       0       0       0       0
Total ram usage:        0 bytes
 Hardware stack levels used:    1
 Hardware stack levels required when called:    3
 This function calls:
		___ftadd
		___ftge
 This function is called by:
		_main
 This function uses a non-reentrant model


 *************** function ___ftadd *****************
 Defined at:
		line 86 in file "C:\Program Files (x86)\Microchip\xc8\v1.41\sources\common\ftadd.c"
 Parameters:    Size  Location     Type
  f1              3   22[COMRAM] float 
  f2              3   25[COMRAM] float 
 Auto vars:     Size  Location     Type
  exp1            1   33[COMRAM] unsigned char 
  exp2            1   32[COMRAM] unsigned char 
  sign            1   31[COMRAM] unsigned char 
 Return value:  Size  Location     Type
                  3   22[COMRAM] float 
 Registers used:
		wreg, status,2, status,0, cstack
 Tracked objects:
		On entry : 
		On exit  : 
		Unchanged: 
 Data sizes:     COMRAM   BANK0   BANK1   BANK2   BANK3   BANK4   BANK5   BANK6   BANK7
      Params:         6       0       0       0       0       0       0       0       0
      Locals:         3       0       0       0       0       0       0       0       0
      Temps:          3       0       0       0       0       0       0       0       0
      Totals:        12       0       0       0       0       0       0       0       0
Total ram usage:       12 bytes
 Hardware stack levels used:    1
 Hardware stack levels required when called:    2
 This function calls:
		___ftpack
 This function is called by:
		_pwmA1
		_pwmA2
		_pwmB1
		_pwmB2
		_start
		_start1
 This function uses a non-reentrant model


 *************** function _izquierda *****************
 Defined at:
		line 253 in file "nexmain.c"
 Parameters:    Size  Location     Type
		None
 Auto vars:     Size  Location     Type
		None
 Return value:  Size  Location     Type
                  1    wreg      void 
 Registers used:
		wreg, status,2, status,0, cstack
 Tracked objects:
		On entry : 
		On exit  : 
		Unchanged: 
 Data sizes:     COMRAM   BANK0   BANK1   BANK2   BANK3   BANK4   BANK5   BANK6   BANK7
      Params:         0       0       0       0       0       0       0       0       0
      Locals:         0       0       0       0       0       0       0       0       0
      Temps:          0       0       0       0       0       0       0       0       0
      Totals:         0       0       0       0       0       0       0       0       0
Total ram usage:        0 bytes
 Hardware stack levels used:    1
 Hardware stack levels required when called:    4
 This function calls:
		_pwmI
 This function is called by:
		_main
 This function uses a non-reentrant model


 *************** function _pwmI *****************
 Defined at:
		line 288 in file "nexmain.c"
 Parameters:    Size  Location     Type
		None
 Auto vars:     Size  Location     Type
		None
 Return value:  Size  Location     Type
                  1    wreg      void 
 Registers used:
		wreg, status,2, status,0, cstack
 Tracked objects:
		On entry : 
		On exit  : 
		Unchanged: 
 Data sizes:     COMRAM   BANK0   BANK1   BANK2   BANK3   BANK4   BANK5   BANK6   BANK7
      Params:         0       0       0       0       0       0       0       0       0
      Locals:         0       0       0       0       0       0       0       0       0
      Temps:          0       0       0       0       0       0       0       0       0
      Totals:         0       0       0       0       0       0       0       0       0
Total ram usage:        0 bytes
 Hardware stack levels used:    1
 Hardware stack levels required when called:    3
 This function calls:
		___ftge
		___ftmul
		___fttol
 This function is called by:
		_izquierda
 This function uses a non-reentrant model


 *************** function _freno *****************
 Defined at:
		line 261 in file "nexmain.c"
 Parameters:    Size  Location     Type
		None
 Auto vars:     Size  Location     Type
		None
 Return value:  Size  Location     Type
                  1    wreg      void 
 Registers used:
		None
 Tracked objects:
		On entry : 
		On exit  : 
		Unchanged: 
 Data sizes:     COMRAM   BANK0   BANK1   BANK2   BANK3   BANK4   BANK5   BANK6   BANK7
      Params:         0       0       0       0       0       0       0       0       0
      Locals:         0       0       0       0       0       0       0       0       0
      Temps:          0       0       0       0       0       0       0       0       0
      Totals:         0       0       0       0       0       0       0       0       0
Total ram usage:        0 bytes
 Hardware stack levels used:    1
 Hardware stack levels required when called:    1
 This function calls:
		Nothing
 This function is called by:
		_main
 This function uses a non-reentrant model


 *************** function _derecha *****************
 Defined at:
		line 245 in file "nexmain.c"
 Parameters:    Size  Location     Type
		None
 Auto vars:     Size  Location     Type
		None
 Return value:  Size  Location     Type
                  1    wreg      void 
 Registers used:
		wreg, status,2, status,0, cstack
 Tracked objects:
		On entry : 
		On exit  : 
		Unchanged: 
 Data sizes:     COMRAM   BANK0   BANK1   BANK2   BANK3   BANK4   BANK5   BANK6   BANK7
      Params:         0       0       0       0       0       0       0       0       0
      Locals:         0       0       0       0       0       0       0       0       0
      Temps:          0       0       0       0       0       0       0       0       0
      Totals:         0       0       0       0       0       0       0       0       0
Total ram usage:        0 bytes
 Hardware stack levels used:    1
 Hardware stack levels required when called:    4
 This function calls:
		_pwmD
 This function is called by:
		_main
 This function uses a non-reentrant model


 *************** function _pwmD *****************
 Defined at:
		line 306 in file "nexmain.c"
 Parameters:    Size  Location     Type
		None
 Auto vars:     Size  Location     Type
		None
 Return value:  Size  Location     Type
                  1    wreg      void 
 Registers used:
		wreg, status,2, status,0, cstack
 Tracked objects:
		On entry : 
		On exit  : 
		Unchanged: 
 Data sizes:     COMRAM   BANK0   BANK1   BANK2   BANK3   BANK4   BANK5   BANK6   BANK7
      Params:         0       0       0       0       0       0       0       0       0
      Locals:         0       0       0       0       0       0       0       0       0
      Temps:          0       0       0       0       0       0       0       0       0
      Totals:         0       0       0       0       0       0       0       0       0
Total ram usage:        0 bytes
 Hardware stack levels used:    1
 Hardware stack levels required when called:    3
 This function calls:
		___ftge
		___ftmul
		___fttol
 This function is called by:
		_derecha
 This function uses a non-reentrant model


 *************** function ___ftge *****************
 Defined at:
		line 4 in file "C:\Program Files (x86)\Microchip\xc8\v1.41\sources\common\ftge.c"
 Parameters:    Size  Location     Type
  ff1             3   14[COMRAM] float 
  ff2             3   17[COMRAM] float 
 Auto vars:     Size  Location     Type
		None
 Return value:  Size  Location     Type
		None               void
 Registers used:
		wreg, status,2, status,0
 Tracked objects:
		On entry : 
		On exit  : 
		Unchanged: 
 Data sizes:     COMRAM   BANK0   BANK1   BANK2   BANK3   BANK4   BANK5   BANK6   BANK7
      Params:         6       0       0       0       0       0       0       0       0
      Locals:         0       0       0       0       0       0       0       0       0
      Temps:          3       0       0       0       0       0       0       0       0
      Totals:         9       0       0       0       0       0       0       0       0
Total ram usage:        9 bytes
 Hardware stack levels used:    1
 Hardware stack levels required when called:    1
 This function calls:
		Nothing
 This function is called by:
		_pwmI
		_pwmD
		_pwmA1
		_pwmB1
 This function uses a non-reentrant model


 *************** function _atras *****************
 Defined at:
		line 237 in file "nexmain.c"
 Parameters:    Size  Location     Type
		None
 Auto vars:     Size  Location     Type
		None
 Return value:  Size  Location     Type
                  1    wreg      void 
 Registers used:
		wreg, status,2, status,0, cstack
 Tracked objects:
		On entry : 
		On exit  : 
		Unchanged: 
 Data sizes:     COMRAM   BANK0   BANK1   BANK2   BANK3   BANK4   BANK5   BANK6   BANK7
      Params:         0       0       0       0       0       0       0       0       0
      Locals:         0       0       0       0       0       0       0       0       0
      Temps:          0       0       0       0       0       0       0       0       0
      Totals:         0       0       0       0       0       0       0       0       0
Total ram usage:        0 bytes
 Hardware stack levels used:    1
 Hardware stack levels required when called:    4
 This function calls:
		_pwm
 This function is called by:
		_main
 This function uses a non-reentrant model


 *************** function _adelante *****************
 Defined at:
		line 229 in file "nexmain.c"
 Parameters:    Size  Location     Type
		None
 Auto vars:     Size  Location     Type
		None
 Return value:  Size  Location     Type
                  1    wreg      void 
 Registers used:
		wreg, status,2, status,0, cstack
 Tracked objects:
		On entry : 
		On exit  : 
		Unchanged: 
 Data sizes:     COMRAM   BANK0   BANK1   BANK2   BANK3   BANK4   BANK5   BANK6   BANK7
      Params:         0       0       0       0       0       0       0       0       0
      Locals:         0       0       0       0       0       0       0       0       0
      Temps:          0       0       0       0       0       0       0       0       0
      Totals:         0       0       0       0       0       0       0       0       0
Total ram usage:        0 bytes
 Hardware stack levels used:    1
 Hardware stack levels required when called:    4
 This function calls:
		_pwm
 This function is called by:
		_main
 This function uses a non-reentrant model


 *************** function _pwm *****************
 Defined at:
		line 275 in file "nexmain.c"
 Parameters:    Size  Location     Type
		None
 Auto vars:     Size  Location     Type
		None
 Return value:  Size  Location     Type
                  1    wreg      void 
 Registers used:
		wreg, status,2, status,0, cstack
 Tracked objects:
		On entry : 
		On exit  : 
		Unchanged: 
 Data sizes:     COMRAM   BANK0   BANK1   BANK2   BANK3   BANK4   BANK5   BANK6   BANK7
      Params:         0       0       0       0       0       0       0       0       0
      Locals:         0       0       0       0       0       0       0       0       0
      Temps:          0       0       0       0       0       0       0       0       0
      Totals:         0       0       0       0       0       0       0       0       0
Total ram usage:        0 bytes
 Hardware stack levels used:    1
 Hardware stack levels required when called:    3
 This function calls:
		___ftmul
		___fttol
 This function is called by:
		_adelante
		_atras
 This function uses a non-reentrant model


 *************** function ___fttol *****************
 Defined at:
		line 44 in file "C:\Program Files (x86)\Microchip\xc8\v1.41\sources\common\fttol.c"
 Parameters:    Size  Location     Type
  f1              3   14[COMRAM] float 
 Auto vars:     Size  Location     Type
  lval            4   24[COMRAM] unsigned long 
  exp1            1   28[COMRAM] unsigned char 
  sign1           1   23[COMRAM] unsigned char 
 Return value:  Size  Location     Type
                  4   14[COMRAM] long 
 Registers used:
		wreg, status,2, status,0
 Tracked objects:
		On entry : 
		On exit  : 
		Unchanged: 
 Data sizes:     COMRAM   BANK0   BANK1   BANK2   BANK3   BANK4   BANK5   BANK6   BANK7
      Params:         4       0       0       0       0       0       0       0       0
      Locals:         6       0       0       0       0       0       0       0       0
      Temps:          5       0       0       0       0       0       0       0       0
      Totals:        15       0       0       0       0       0       0       0       0
Total ram usage:       15 bytes
 Hardware stack levels used:    1
 Hardware stack levels required when called:    1
 This function calls:
		Nothing
 This function is called by:
		_pwm
		_pwmI
		_pwmD
 This function uses a non-reentrant model


 *************** function ___ftmul *****************
 Defined at:
		line 62 in file "C:\Program Files (x86)\Microchip\xc8\v1.41\sources\common\ftmul.c"
 Parameters:    Size  Location     Type
  f1              3   22[COMRAM] float 
  f2              3   25[COMRAM] float 
 Auto vars:     Size  Location     Type
  f3_as_produc    3   32[COMRAM] unsigned um
  sign            1   36[COMRAM] unsigned char 
  cntr            1   35[COMRAM] unsigned char 
  exp             1   31[COMRAM] unsigned char 
 Return value:  Size  Location     Type
                  3   22[COMRAM] float 
 Registers used:
		wreg, status,2, status,0, cstack
 Tracked objects:
		On entry : 
		On exit  : 
		Unchanged: 
 Data sizes:     COMRAM   BANK0   BANK1   BANK2   BANK3   BANK4   BANK5   BANK6   BANK7
      Params:         6       0       0       0       0       0       0       0       0
      Locals:         6       0       0       0       0       0       0       0       0
      Temps:          3       0       0       0       0       0       0       0       0
      Totals:        15       0       0       0       0       0       0       0       0
Total ram usage:       15 bytes
 Hardware stack levels used:    1
 Hardware stack levels required when called:    2
 This function calls:
		___ftpack
 This function is called by:
		_pwm
		_pwmI
		_pwmD
		_start
		_start1
 This function uses a non-reentrant model


 *************** function ___ftpack *****************
 Defined at:
		line 62 in file "C:\Program Files (x86)\Microchip\xc8\v1.41\sources\common\float.c"
 Parameters:    Size  Location     Type
  arg             3   14[COMRAM] unsigned um
  exp             1   17[COMRAM] unsigned char 
  sign            1   18[COMRAM] unsigned char 
 Auto vars:     Size  Location     Type
		None
 Return value:  Size  Location     Type
                  3   14[COMRAM] float 
 Registers used:
		wreg, status,2, status,0
 Tracked objects:
		On entry : 
		On exit  : 
		Unchanged: 
 Data sizes:     COMRAM   BANK0   BANK1   BANK2   BANK3   BANK4   BANK5   BANK6   BANK7
      Params:         5       0       0       0       0       0       0       0       0
      Locals:         0       0       0       0       0       0       0       0       0
      Temps:          3       0       0       0       0       0       0       0       0
      Totals:         8       0       0       0       0       0       0       0       0
Total ram usage:        8 bytes
 Hardware stack levels used:    1
 Hardware stack levels required when called:    1
 This function calls:
		Nothing
 This function is called by:
		___ftadd
		___ftmul
 This function uses a non-reentrant model


 *************** function _UART_Rx *****************
 Defined at:
		line 204 in file "nexmain.c"
 Parameters:    Size  Location     Type
		None
 Auto vars:     Size  Location     Type
		None
 Return value:  Size  Location     Type
                  1    wreg      void 
 Registers used:
		wreg, status,2, status,0
 Tracked objects:
		On entry : 
		On exit  : 
		Unchanged: 
 Data sizes:     COMRAM   BANK0   BANK1   BANK2   BANK3   BANK4   BANK5   BANK6   BANK7
      Params:         0       0       0       0       0       0       0       0       0
      Locals:         0       0       0       0       0       0       0       0       0
      Temps:         14       0       0       0       0       0       0       0       0
      Totals:        14       0       0       0       0       0       0       0       0
Total ram usage:       14 bytes
 Hardware stack levels used:    1
 This function calls:
		Nothing
 This function is called by:
		Interrupt level 2
 This function uses a non-reentrant model



MODULE INFORMATION

Module		Function		Class		Link	Load	Size
C:\Program Files (x86)\Microchip\xc8\v1.41\sources\common\fttol.c
		___fttol       		CODE           	0672	0000	245

C:\Program Files (x86)\Microchip\xc8\v1.41\sources\common\fttol.c estimated size: 245

nexmain.c
		_settings      		CODE           	0A6A	0000	107
		_adelante      		CODE           	0C4C	0000	15
		_UART_Rx       		CODE           	0008	0000	299
		_main          		CODE           	01BE	0000	329
		_pwmD          		CODE           	042A	0000	293
		_derecha       		CODE           	0C30	0000	15
		_freno         		CODE           	0C5A	0000	11
		_pwm           		CODE           	085A	0000	211
		_pwmA1         		CODE           	0B2A	0000	87
		_pwmB1         		CODE           	0AD4	0000	87
		_atras         		CODE           	0C3E	0000	15
		_pwmA2         		CODE           	0BBA	0000	59
		_pwmB2         		CODE           	0B80	0000	59
		_pwmI          		CODE           	0306	0000	293
		_izquierda     		CODE           	0C22	0000	15

nexmain.c estimated size: 1895

C:\Program Files (x86)\Microchip\xc8\v1.41\sources\common\ftadd.c
		___ftadd       		CODE           	0012	0000	429

C:\Program Files (x86)\Microchip\xc8\v1.41\sources\common\ftadd.c estimated size: 429

C:\Program Files (x86)\Microchip\xc8\v1.41\sources\common\ftge.c
		___ftge        		CODE           	09DA	0000	145

C:\Program Files (x86)\Microchip\xc8\v1.41\sources\common\ftge.c estimated size: 145

C:\Program Files (x86)\Microchip\xc8\v1.41\sources\common\float.c
		___ftpack      		CODE           	092C	0000	175

C:\Program Files (x86)\Microchip\xc8\v1.41\sources\common\float.c estimated size: 175

shared
		__initialization		CODE           	0BF4	0000	37

shared estimated size: 37

C:\Program Files (x86)\Microchip\xc8\v1.41\sources\common\ftmul.c
		___ftmul       		CODE           	0766	0000	245

C:\Program Files (x86)\Microchip\xc8\v1.41\sources\common\ftmul.c estimated size: 245

